// Bun Snapshot v1, https://goo.gl/fbAQLP

exports[`snapshot 1`] = `
{
  "c": Any<Date>,
}
`;
